/*
 * Copyright (C) YuqiaoZhang(HanetakaChou)
 * 
 * This program is free software: you can redistribute it and/or modify
 * it under the terms of the GNU Lesser General Public License as published
 * by the Free Software Foundation, either version 3 of the License, or
 * (at your option) any later version.
 * 
 * This program is distributed in the hope that it will be useful,
 * but WITHOUT ANY WARRANTY; without even the implied warranty of
 * MERCHANTABILITY or FITNESS FOR A PARTICULAR PURPOSE.  See the
 * GNU Lesser General Public License for more details.
 * 
 * You should have received a copy of the GNU Lesser General Public License
 * along with this program.  If not, see <https://www.gnu.org/licenses/>.
 */

{
    global:
        TfLiteExtensionApisVersion;
        TfLiteXNNPackDelegateOptionsDefault;
        TfLiteXNNPackDelegateCreate;
        TfLiteXNNPackDelegateDelete;
        TfLiteGpuDelegateOptionsV2Default;
        TfLiteGpuDelegateV2Create;
        TfLiteGpuDelegateV2Delete;
        TfLiteInterpreterAllocateTensors;
        TfLiteInterpreterCancel;
        TfLiteInterpreterCreate;
        TfLiteInterpreterCreateWithSelectedOps;
        TfLiteInterpreterDelete;
        TfLiteInterpreterEnsureTensorDataIsReadable;
        TfLiteInterpreterGetBufferHandle;
        TfLiteInterpreterGetInputTensor;
        TfLiteInterpreterGetInputTensorCount;
        TfLiteInterpreterGetInputTensorIndex;
        TfLiteInterpreterGetOutputTensor;
        TfLiteInterpreterGetOutputTensorCount;
        TfLiteInterpreterGetOutputTensorIndex;
        TfLiteInterpreterGetSignatureCount;
        TfLiteInterpreterGetSignatureKey;
        TfLiteInterpreterGetSignatureRunner;
        TfLiteInterpreterGetTensor;
        TfLiteInterpreterGetVariableTensor;
        TfLiteInterpreterGetVariableTensorCount;
        TfLiteInterpreterInputTensorIndices;
        TfLiteInterpreterInvoke;
        TfLiteInterpreterModifyGraphWithDelegate;
        TfLiteInterpreterOptionsAddBuiltinOp;
        TfLiteInterpreterOptionsAddCustomOp;
        TfLiteInterpreterOptionsAddDelegate;
        TfLiteInterpreterOptionsAddOperator;
        TfLiteInterpreterOptionsCopy;
        TfLiteInterpreterOptionsCreate;
        TfLiteInterpreterOptionsDelete;
        TfLiteInterpreterOptionsEnableCancellation;
        TfLiteInterpreterOptionsSetEnableDelegateFallback;
        TfLiteInterpreterOptionsSetErrorReporter;
        TfLiteInterpreterOptionsSetNumThreads;
        TfLiteInterpreterOptionsSetTelemetryProfiler;
        TfLiteInterpreterOptionsSetUseNNAPI;
        TfLiteInterpreterOutputTensorIndices;
        TfLiteInterpreterResetVariableTensors;
        TfLiteInterpreterResizeInputTensor;
        TfLiteInterpreterSetBufferHandle;
        TfLiteInterpreterSetCustomAllocationForTensor;
        TfLiteModelCreate;
        TfLiteModelCreateFromFile;
        TfLiteModelCreateFromFileWithErrorReporter;
        TfLiteModelCreateWithErrorReporter;
        TfLiteModelDelete;
        TfLiteOperatorCreate;
        TfLiteOperatorDelete;
        TfLiteOperatorGetBuiltInCode;
        TfLiteOperatorGetCustomName;
        TfLiteOperatorGetUserData;
        TfLiteOperatorGetVersion;
        TfLiteOperatorSetAsyncKernel;
        TfLiteOperatorSetAsyncKernelWithData;
        TfLiteOperatorSetFree;
        TfLiteOperatorSetFreeWithData;
        TfLiteOperatorSetInit;
        TfLiteOperatorSetInitWithData;
        TfLiteOperatorSetInplaceOperator;
        TfLiteOperatorSetInvoke;
        TfLiteOperatorSetInvokeWithData;
        TfLiteOperatorSetPrepare;
        TfLiteOperatorSetPrepareWithData;
        TfLiteSchemaVersion;
        TfLiteSetAllowBufferHandleOutput;
        TfLiteSignatureRunnerAllocateTensors;
        TfLiteSignatureRunnerCancel;
        TfLiteSignatureRunnerDelete;
        TfLiteSignatureRunnerGetInputCount;
        TfLiteSignatureRunnerGetInputName;
        TfLiteSignatureRunnerGetInputTensor;
        TfLiteSignatureRunnerGetOutputCount;
        TfLiteSignatureRunnerGetOutputName;
        TfLiteSignatureRunnerGetOutputTensor;
        TfLiteSignatureRunnerInvoke;
        TfLiteSignatureRunnerResizeInputTensor;
        TfLiteTensorByteSize;
        TfLiteTensorCopyFromBuffer;
        TfLiteTensorCopyToBuffer;
        TfLiteTensorData;
        TfLiteTensorDim;
        TfLiteTensorName;
        TfLiteTensorNumDims;
        TfLiteTensorQuantizationParams;
        TfLiteTensorType;
        TfLiteVersion;
    local:
        *;
};
